=============================
Winners of election
winner
name='Pike', score=0, partyString='D
=============================